// Jest Snapshot v1, https://goo.gl/fbAQLP

exports[`Should Render Todo Form  Correctly 1`] = `<Connect(AddTodo) />`;
