// Jest Snapshot v1, https://goo.gl/fbAQLP

exports[`Should Render Routes Correctly 1`] = `
<Unknown>
  <SideNave />
  <Header />
  <Section />
</Unknown>
`;
