// Jest Snapshot v1, https://goo.gl/fbAQLP

exports[`Should Render Todo List  Correctly 1`] = `<Connect(TodoList) />`;
