// Jest Snapshot v1, https://goo.gl/fbAQLP

exports[`Should Render Add Todo page Correctly 1`] = `<Connect(AddTodoPage) />`;
