// Jest Snapshot v1, https://goo.gl/fbAQLP

exports[`Should Render Edit Todo Page  Correctly 1`] = `<Connect(EditTodoPage) />`;
